Archive member included to satisfy reference by file (symbol)

c:/ac6/systemworkbench/plugins/fr.ac6.mcu.externaltools.arm-none.win32_1.13.1.201701261202/tools/compiler/bin/../lib/gcc/arm-none-eabi/5.4.1/../../../../arm-none-eabi/lib/armv7e-m/fpu\libc_nano.a(lib_a-exit.o)
                              c:/ac6/systemworkbench/plugins/fr.ac6.mcu.externaltools.arm-none.win32_1.13.1.201701261202/tools/compiler/bin/../lib/gcc/arm-none-eabi/5.4.1/../../../../arm-none-eabi/lib/armv7e-m/fpu/crt0.o (exit)
c:/ac6/systemworkbench/plugins/fr.ac6.mcu.externaltools.arm-none.win32_1.13.1.201701261202/tools/compiler/bin/../lib/gcc/arm-none-eabi/5.4.1/../../../../arm-none-eabi/lib/armv7e-m/fpu\libc_nano.a(lib_a-impure.o)
                              c:/ac6/systemworkbench/plugins/fr.ac6.mcu.externaltools.arm-none.win32_1.13.1.201701261202/tools/compiler/bin/../lib/gcc/arm-none-eabi/5.4.1/../../../../arm-none-eabi/lib/armv7e-m/fpu\libc_nano.a(lib_a-exit.o) (_global_impure_ptr)
c:/ac6/systemworkbench/plugins/fr.ac6.mcu.externaltools.arm-none.win32_1.13.1.201701261202/tools/compiler/bin/../lib/gcc/arm-none-eabi/5.4.1/../../../../arm-none-eabi/lib/armv7e-m/fpu\libc_nano.a(lib_a-init.o)
                              c:/ac6/systemworkbench/plugins/fr.ac6.mcu.externaltools.arm-none.win32_1.13.1.201701261202/tools/compiler/bin/../lib/gcc/arm-none-eabi/5.4.1/../../../../arm-none-eabi/lib/armv7e-m/fpu/crt0.o (__libc_init_array)
c:/ac6/systemworkbench/plugins/fr.ac6.mcu.externaltools.arm-none.win32_1.13.1.201701261202/tools/compiler/bin/../lib/gcc/arm-none-eabi/5.4.1/../../../../arm-none-eabi/lib/armv7e-m/fpu\libc_nano.a(lib_a-memset.o)
                              c:/ac6/systemworkbench/plugins/fr.ac6.mcu.externaltools.arm-none.win32_1.13.1.201701261202/tools/compiler/bin/../lib/gcc/arm-none-eabi/5.4.1/../../../../arm-none-eabi/lib/armv7e-m/fpu/crt0.o (memset)
c:/ac6/systemworkbench/plugins/fr.ac6.mcu.externaltools.arm-none.win32_1.13.1.201701261202/tools/compiler/bin/../lib/gcc/arm-none-eabi/5.4.1/../../../../arm-none-eabi/lib/armv7e-m/fpu\libc_nano.a(lib_a-sprintf.o)
                              Application/User/main.o (sprintf)
c:/ac6/systemworkbench/plugins/fr.ac6.mcu.externaltools.arm-none.win32_1.13.1.201701261202/tools/compiler/bin/../lib/gcc/arm-none-eabi/5.4.1/../../../../arm-none-eabi/lib/armv7e-m/fpu\libc_nano.a(lib_a-strlen.o)
                              Application/User/main.o (strlen)
c:/ac6/systemworkbench/plugins/fr.ac6.mcu.externaltools.arm-none.win32_1.13.1.201701261202/tools/compiler/bin/../lib/gcc/arm-none-eabi/5.4.1/../../../../arm-none-eabi/lib/armv7e-m/fpu\libc_nano.a(lib_a-nano-svfprintf.o)
                              c:/ac6/systemworkbench/plugins/fr.ac6.mcu.externaltools.arm-none.win32_1.13.1.201701261202/tools/compiler/bin/../lib/gcc/arm-none-eabi/5.4.1/../../../../arm-none-eabi/lib/armv7e-m/fpu\libc_nano.a(lib_a-sprintf.o) (_svfprintf_r)
c:/ac6/systemworkbench/plugins/fr.ac6.mcu.externaltools.arm-none.win32_1.13.1.201701261202/tools/compiler/bin/../lib/gcc/arm-none-eabi/5.4.1/../../../../arm-none-eabi/lib/armv7e-m/fpu\libc_nano.a(lib_a-nano-vfprintf_i.o)
                              c:/ac6/systemworkbench/plugins/fr.ac6.mcu.externaltools.arm-none.win32_1.13.1.201701261202/tools/compiler/bin/../lib/gcc/arm-none-eabi/5.4.1/../../../../arm-none-eabi/lib/armv7e-m/fpu\libc_nano.a(lib_a-nano-svfprintf.o) (_printf_i)
c:/ac6/systemworkbench/plugins/fr.ac6.mcu.externaltools.arm-none.win32_1.13.1.201701261202/tools/compiler/bin/../lib/gcc/arm-none-eabi/5.4.1/../../../../arm-none-eabi/lib/armv7e-m/fpu\libc_nano.a(lib_a-memchr.o)
                              c:/ac6/systemworkbench/plugins/fr.ac6.mcu.externaltools.arm-none.win32_1.13.1.201701261202/tools/compiler/bin/../lib/gcc/arm-none-eabi/5.4.1/../../../../arm-none-eabi/lib/armv7e-m/fpu\libc_nano.a(lib_a-nano-svfprintf.o) (memchr)
c:/ac6/systemworkbench/plugins/fr.ac6.mcu.externaltools.arm-none.win32_1.13.1.201701261202/tools/compiler/bin/../lib/gcc/arm-none-eabi/5.4.1/../../../../arm-none-eabi/lib/armv7e-m/fpu\libc_nano.a(lib_a-memcpy-stub.o)
                              c:/ac6/systemworkbench/plugins/fr.ac6.mcu.externaltools.arm-none.win32_1.13.1.201701261202/tools/compiler/bin/../lib/gcc/arm-none-eabi/5.4.1/../../../../arm-none-eabi/lib/armv7e-m/fpu\libc_nano.a(lib_a-nano-svfprintf.o) (memcpy)
c:/ac6/systemworkbench/plugins/fr.ac6.mcu.externaltools.arm-none.win32_1.13.1.201701261202/tools/compiler/bin/../lib/gcc/arm-none-eabi/5.4.1/../../../../arm-none-eabi/lib/armv7e-m/fpu\libc_nano.a(lib_a-memmove.o)
                              c:/ac6/systemworkbench/plugins/fr.ac6.mcu.externaltools.arm-none.win32_1.13.1.201701261202/tools/compiler/bin/../lib/gcc/arm-none-eabi/5.4.1/../../../../arm-none-eabi/lib/armv7e-m/fpu\libc_nano.a(lib_a-nano-svfprintf.o) (memmove)
[...]
Memory Configuration

Name             Origin             Length             Attributes
RAM              0x20000000         0x00020000         xrw
FLASH            0x08000000         0x00080000         xr
*default*        0x00000000         0xffffffff

Linker script and memory map

LOAD c:/ac6/systemworkbench/plugins/fr.ac6.mcu.externaltools.arm-none.win32_1.13.1.201701261202/tools/compiler/bin/../lib/gcc/arm-none-eabi/5.4.1/armv7e-m/fpu/crti.o
LOAD c:/ac6/systemworkbench/plugins/fr.ac6.mcu.externaltools.arm-none.win32_1.13.1.201701261202/tools/compiler/bin/../lib/gcc/arm-none-eabi/5.4.1/armv7e-m/fpu/crtbegin.o
LOAD c:/ac6/systemworkbench/plugins/fr.ac6.mcu.externaltools.arm-none.win32_1.13.1.201701261202/tools/compiler/bin/../lib/gcc/arm-none-eabi/5.4.1/../../../../arm-none-eabi/lib/armv7e-m/fpu/crt0.o
LOAD c:/ac6/systemworkbench/plugins/fr.ac6.mcu.externaltools.arm-none.win32_1.13.1.201701261202/tools/compiler/bin/../lib/gcc/arm-none-eabi/5.4.1/../../../../arm-none-eabi/lib/armv7e-m/fpu\libm.a
LOAD Application/SW4STM32/startup_stm32f411xe.o
LOAD Application/User/I2C_Software_Master.o
LOAD Application/User/main.o
LOAD Application/User/stm32f4xx_hal_msp.o
LOAD Application/User/stm32f4xx_it.o
LOAD Drivers/CMSIS/system_stm32f4xx.o
LOAD Drivers/STM32F4xx_HAL_Driver/stm32f4xx_hal.o
LOAD Drivers/STM32F4xx_HAL_Driver/stm32f4xx_hal_cortex.o
LOAD Drivers/STM32F4xx_HAL_Driver/stm32f4xx_hal_dma.o
LOAD Drivers/STM32F4xx_HAL_Driver/stm32f4xx_hal_dma_ex.o
LOAD Drivers/STM32F4xx_HAL_Driver/stm32f4xx_hal_flash.o
LOAD Drivers/STM32F4xx_HAL_Driver/stm32f4xx_hal_flash_ex.o
LOAD Drivers/STM32F4xx_HAL_Driver/stm32f4xx_hal_flash_ramfunc.o
LOAD Drivers/STM32F4xx_HAL_Driver/stm32f4xx_hal_gpio.o
LOAD Drivers/STM32F4xx_HAL_Driver/stm32f4xx_hal_pwr.o
LOAD Drivers/STM32F4xx_HAL_Driver/stm32f4xx_hal_pwr_ex.o
LOAD Drivers/STM32F4xx_HAL_Driver/stm32f4xx_hal_rcc.o
LOAD Drivers/STM32F4xx_HAL_Driver/stm32f4xx_hal_rcc_ex.o
LOAD Drivers/STM32F4xx_HAL_Driver/stm32f4xx_hal_tim.o
LOAD Drivers/STM32F4xx_HAL_Driver/stm32f4xx_hal_tim_ex.o
LOAD Drivers/STM32F4xx_HAL_Driver/stm32f4xx_hal_uart.o
START GROUP
LOAD c:/ac6/systemworkbench/plugins/fr.ac6.mcu.externaltools.arm-none.win32_1.13.1.201701261202/tools/compiler/bin/../lib/gcc/arm-none-eabi/5.4.1/armv7e-m/fpu\libgcc.a
LOAD c:/ac6/systemworkbench/plugins/fr.ac6.mcu.externaltools.arm-none.win32_1.13.1.201701261202/tools/compiler/bin/../lib/gcc/arm-none-eabi/5.4.1/../../../../arm-none-eabi/lib/armv7e-m/fpu\libc_nano.a
END GROUP
START GROUP
LOAD c:/ac6/systemworkbench/plugins/fr.ac6.mcu.externaltools.arm-none.win32_1.13.1.201701261202/tools/compiler/bin/../lib/gcc/arm-none-eabi/5.4.1/armv7e-m/fpu\libgcc.a
LOAD c:/ac6/systemworkbench/plugins/fr.ac6.mcu.externaltools.arm-none.win32_1.13.1.201701261202/tools/compiler/bin/../lib/gcc/arm-none-eabi/5.4.1/../../../../arm-none-eabi/lib/armv7e-m/fpu\libc_nano.a
LOAD c:/ac6/systemworkbench/plugins/fr.ac6.mcu.externaltools.arm-none.win32_1.13.1.201701261202/tools/compiler/bin/../lib/gcc/arm-none-eabi/5.4.1/../../../../arm-none-eabi/lib/armv7e-m/fpu\libnosys.a
END GROUP
START GROUP
LOAD c:/ac6/systemworkbench/plugins/fr.ac6.mcu.externaltools.arm-none.win32_1.13.1.201701261202/tools/compiler/bin/../lib/gcc/arm-none-eabi/5.4.1/armv7e-m/fpu\libgcc.a
LOAD c:/ac6/systemworkbench/plugins/fr.ac6.mcu.externaltools.arm-none.win32_1.13.1.201701261202/tools/compiler/bin/../lib/gcc/arm-none-eabi/5.4.1/../../../../arm-none-eabi/lib/armv7e-m/fpu\libc_nano.a
LOAD c:/ac6/systemworkbench/plugins/fr.ac6.mcu.externaltools.arm-none.win32_1.13.1.201701261202/tools/compiler/bin/../lib/gcc/arm-none-eabi/5.4.1/../../../../arm-none-eabi/lib/armv7e-m/fpu\libnosys.a
END GROUP
LOAD c:/ac6/systemworkbench/plugins/fr.ac6.mcu.externaltools.arm-none.win32_1.13.1.201701261202/tools/compiler/bin/../lib/gcc/arm-none-eabi/5.4.1/armv7e-m/fpu/crtend.o
LOAD c:/ac6/systemworkbench/plugins/fr.ac6.mcu.externaltools.arm-none.win32_1.13.1.201701261202/tools/compiler/bin/../lib/gcc/arm-none-eabi/5.4.1/armv7e-m/fpu/crtn.o
                0x20020000                _estack = 0x20020000
                0x00000200                _Min_Heap_Size = 0x200
                0x00000400                _Min_Stack_Size = 0x400

.isr_vector     0x08000000      0x198
                0x08000000                . = ALIGN (0x4)
 *(.isr_vector)
 .isr_vector    0x08000000      0x198 Application/SW4STM32/startup_stm32f411xe.o
                0x08000000                g_pfnVectors
                0x08000198                . = ALIGN (0x4)

.text           0x080001a0     0x1e3c
                0x080001a0                . = ALIGN (0x4)
 *(.text)
 .text          0x080001a0       0x5c c:/ac6/systemworkbench/plugins/fr.ac6.mcu.externaltools.arm-none.win32_1.13.1.201701261202/tools/compiler/bin/../lib/gcc/arm-none-eabi/5.4.1/armv7e-m/fpu/crtbegin.o
 .text          0x080001fc       0x10 c:/ac6/systemworkbench/plugins/fr.ac6.mcu.externaltools.arm-none.win32_1.13.1.201701261202/tools/compiler/bin/../lib/gcc/arm-none-eabi/5.4.1/../../../../arm-none-eabi/lib/armv7e-m/fpu\libc_nano.a(lib_a-strlen.o)
                0x080001fc                strlen
 *fill*         0x0800020c        0x4 
 .text          0x08000210       0xa0 c:/ac6/systemworkbench/plugins/fr.ac6.mcu.externaltools.arm-none.win32_1.13.1.201701261202/tools/compiler/bin/../lib/gcc/arm-none-eabi/5.4.1/../../../../arm-none-eabi/lib/armv7e-m/fpu\libc_nano.a(lib_a-memchr.o)
                0x08000210                memchr
 *(.text*)
 .text.Reset_Handler
                0x080002b0       0x50 Application/SW4STM32/startup_stm32f411xe.o
                0x080002b0                Reset_Handler
 .text.Default_Handler
                0x08000300        0x2 Application/SW4STM32/startup_stm32f411xe.o
                0x08000300                RTC_Alarm_IRQHandler
                0x08000300                EXTI2_IRQHandler
                0x08000300                DebugMon_Handler
                0x08000300                SPI4_IRQHandler
                0x08000300                TIM1_CC_IRQHandler
                0x08000300                DMA2_Stream5_IRQHandler
                0x08000300                HardFault_Handler
                0x08000300                DMA1_Stream5_IRQHandler
                0x08000300                PVD_IRQHandler
                0x08000300                SDIO_IRQHandler
                0x08000300                TAMP_STAMP_IRQHandler
                0x08000300                PendSV_Handler
                0x08000300                NMI_Handler
                0x08000300                EXTI3_IRQHandler
                0x08000300                TIM1_UP_TIM10_IRQHandler
                0x08000300                I2C3_ER_IRQHandler
                0x08000300                EXTI0_IRQHandler
                0x08000300                I2C2_EV_IRQHandler
                0x08000300                DMA1_Stream2_IRQHandler
                0x08000300                FPU_IRQHandler
                0x08000300                UsageFault_Handler
                0x08000300                DMA2_Stream2_IRQHandler
                0x08000300                SPI1_IRQHandler
                0x08000300                TIM1_BRK_TIM9_IRQHandler
                0x08000300                DMA2_Stream3_IRQHandler
                0x08000300                USART6_IRQHandler
                0x08000300                DMA2_Stream0_IRQHandler
                0x08000300                TIM4_IRQHandler
                0x08000300                I2C1_EV_IRQHandler
                0x08000300                DMA1_Stream6_IRQHandler
                0x08000300                DMA1_Stream1_IRQHandler
                0x08000300                TIM3_IRQHandler
                0x08000300                RCC_IRQHandler
                0x08000300                Default_Handler
                0x08000300                EXTI15_10_IRQHandler
                0x08000300                ADC_IRQHandler
                0x08000300                DMA1_Stream7_IRQHandler
                0x08000300                SPI5_IRQHandler
                0x08000300                TIM5_IRQHandler
                0x08000300                DMA2_Stream7_IRQHandler
                0x08000300                I2C3_EV_IRQHandler
                0x08000300                EXTI9_5_IRQHandler
                0x08000300                RTC_WKUP_IRQHandler
                0x08000300                SPI2_IRQHandler
                0x08000300                MemManage_Handler
                0x08000300                DMA1_Stream0_IRQHandler
                0x08000300                SVC_Handler
                0x08000300                EXTI4_IRQHandler
                0x08000300                WWDG_IRQHandler
                0x08000300                TIM2_IRQHandler
                0x08000300                OTG_FS_WKUP_IRQHandler
                0x08000300                TIM1_TRG_COM_TIM11_IRQHandler
                0x08000300                EXTI1_IRQHandler
                0x08000300                USART2_IRQHandler
                0x08000300                I2C2_ER_IRQHandler
                0x08000300                DMA2_Stream1_IRQHandler
                0x08000300                FLASH_IRQHandler
                0x08000300                DMA2_Stream4_IRQHandler
                0x08000300                BusFault_Handler
                0x08000300                USART1_IRQHandler
                0x08000300                OTG_FS_IRQHandler
                0x08000300                SPI3_IRQHandler
                0x08000300                DMA1_Stream4_IRQHandler
                0x08000300                I2C1_ER_IRQHandler
                0x08000300                DMA2_Stream6_IRQHandler
                0x08000300                DMA1_Stream3_IRQHandler
 *fill*         0x08000302        0x2 
 .text.I2C_SoftWare_Master_Init
                0x08000304       0x7c Application/User/I2C_Software_Master.o
                0x08000304                I2C_SoftWare_Master_Init
 .text.I2C_delay
                0x08000380       0x18 Application/User/I2C_Software_Master.o
                0x08000380                I2C_delay
 .text.I2C_Start
                0x08000398       0x50 Application/User/I2C_Software_Master.o
                0x08000398                I2C_Start
 .text.I2C_Stop
                0x080003e8       0x48 Application/User/I2C_Software_Master.o
                0x080003e8                I2C_Stop
 .text.I2C_Ack  0x08000430       0x48 Application/User/I2C_Software_Master.o
                0x08000430                I2C_Ack
 .text.I2C_NoAck
                0x08000478       0x48 Application/User/I2C_Software_Master.o
                0x08000478                I2C_NoAck
 .text.I2C_WaitAck
                0x080004c0       0x60 Application/User/I2C_Software_Master.o
                0x080004c0                I2C_WaitAck
 .text.I2C_SendByte
                0x08000520       0x58 Application/User/I2C_Software_Master.o
                0x08000520                I2C_SendByte
 .text.I2C_ReceiveByte
                0x08000578       0x5c Application/User/I2C_Software_Master.o
                0x08000578                I2C_ReceiveByte
 .text.I2C_SoftWare_Master_Write
                0x080005d4       0x5a Application/User/I2C_Software_Master.o
                0x080005d4                I2C_SoftWare_Master_Write
 .text.I2C_SoftWare_Master_Read
                0x0800062e       0x6c Application/User/I2C_Software_Master.o
                0x0800062e                I2C_SoftWare_Master_Read
 *fill*         0x0800069a        0x2 
 .text.SystemClock_Config
                0x0800069c       0xb0 Application/User/main.o
                0x0800069c                SystemClock_Config
 .text.startup.main
                0x0800074c      0x29c Application/User/main.o
                0x0800074c                main
 .text.HAL_MspInit
                0x080009e8       0x60 Application/User/stm32f4xx_hal_msp.o
                0x080009e8                HAL_MspInit
 .text.HAL_UART_MspInit
                0x08000a48       0x50 Application/User/stm32f4xx_hal_msp.o
                0x08000a48                HAL_UART_MspInit
 .text.SysTick_Handler
                0x08000a98        0xe Application/User/stm32f4xx_it.o
                0x08000a98                SysTick_Handler
 *fill*         0x08000aa6        0x2 
 .text.SystemInit
                0x08000aa8       0x4c Drivers/CMSIS/system_stm32f4xx.o
                0x08000aa8                SystemInit
 .text.HAL_InitTick
                0x08000af4       0x28 Drivers/STM32F4xx_HAL_Driver/stm32f4xx_hal.o
                0x08000af4                HAL_InitTick
 .text.HAL_Init
                0x08000b1c       0x34 Drivers/STM32F4xx_HAL_Driver/stm32f4xx_hal.o
                0x08000b1c                HAL_Init
 .text.HAL_IncTick
                0x08000b50       0x10 Drivers/STM32F4xx_HAL_Driver/stm32f4xx_hal.o
                0x08000b50                HAL_IncTick
 .text.HAL_GetTick
                0x08000b60        0xc Drivers/STM32F4xx_HAL_Driver/stm32f4xx_hal.o
                0x08000b60                HAL_GetTick
 .text.HAL_Delay
                0x08000b6c       0x1a Drivers/STM32F4xx_HAL_Driver/stm32f4xx_hal.o
                0x08000b6c                HAL_Delay
 *fill*         0x08000b86        0x2 
 .text.HAL_NVIC_SetPriorityGrouping
                0x08000b88       0x24 Drivers/STM32F4xx_HAL_Driver/stm32f4xx_hal_cortex.o
                0x08000b88                HAL_NVIC_SetPriorityGrouping
 .text.HAL_NVIC_SetPriority
                0x08000bac       0x68 Drivers/STM32F4xx_HAL_Driver/stm32f4xx_hal_cortex.o
                0x08000bac                HAL_NVIC_SetPriority
 .text.HAL_SYSTICK_Config
                0x08000c14       0x2c Drivers/STM32F4xx_HAL_Driver/stm32f4xx_hal_cortex.o
                0x08000c14                HAL_SYSTICK_Config
 .text.HAL_SYSTICK_CLKSourceConfig
                0x08000c40       0x18 Drivers/STM32F4xx_HAL_Driver/stm32f4xx_hal_cortex.o
                0x08000c40                HAL_SYSTICK_CLKSourceConfig
 .text.HAL_SYSTICK_Callback
                0x08000c58        0x2 Drivers/STM32F4xx_HAL_Driver/stm32f4xx_hal_cortex.o
                0x08000c58                HAL_SYSTICK_Callback
 .text.HAL_SYSTICK_IRQHandler
                0x08000c5a        0x8 Drivers/STM32F4xx_HAL_Driver/stm32f4xx_hal_cortex.o
                0x08000c5a                HAL_SYSTICK_IRQHandler
 *fill*         0x08000c62        0x2 
 .text.HAL_GPIO_Init
                0x08000c64      0x19c Drivers/STM32F4xx_HAL_Driver/stm32f4xx_hal_gpio.o
                0x08000c64                HAL_GPIO_Init
 .text.HAL_GPIO_WritePin
                0x08000e00        0x8 Drivers/STM32F4xx_HAL_Driver/stm32f4xx_hal_gpio.o
                0x08000e00                HAL_GPIO_WritePin
 .text.HAL_RCC_OscConfig
                0x08000e08      0x31c Drivers/STM32F4xx_HAL_Driver/stm32f4xx_hal_rcc.o
                0x08000e08                HAL_RCC_OscConfig
 .text.HAL_RCC_GetSysClockFreq
                0x08001124       0x7c Drivers/STM32F4xx_HAL_Driver/stm32f4xx_hal_rcc.o
                0x08001124                HAL_RCC_GetSysClockFreq
 .text.HAL_RCC_ClockConfig
                0x080011a0      0x168 Drivers/STM32F4xx_HAL_Driver/stm32f4xx_hal_rcc.o
                0x080011a0                HAL_RCC_ClockConfig
 .text.HAL_RCC_GetHCLKFreq
                0x08001308        0xc Drivers/STM32F4xx_HAL_Driver/stm32f4xx_hal_rcc.o
                0x08001308                HAL_RCC_GetHCLKFreq
 .text.HAL_RCC_GetPCLK1Freq
                0x08001314       0x30 Drivers/STM32F4xx_HAL_Driver/stm32f4xx_hal_rcc.o
                0x08001314                HAL_RCC_GetPCLK1Freq
 .text.HAL_RCC_GetPCLK2Freq
                0x08001344       0x30 Drivers/STM32F4xx_HAL_Driver/stm32f4xx_hal_rcc.o
                0x08001344                HAL_RCC_GetPCLK2Freq
 .text.UART_SetConfig
                0x08001374      0x23c Drivers/STM32F4xx_HAL_Driver/stm32f4xx_hal_uart.o
 .text.UART_WaitOnFlagUntilTimeout.constprop.3
                0x080015b0       0x50 Drivers/STM32F4xx_HAL_Driver/stm32f4xx_hal_uart.o
 .text.HAL_UART_Init
                0x08001600       0x5c Drivers/STM32F4xx_HAL_Driver/stm32f4xx_hal_uart.o
                0x08001600                HAL_UART_Init
 .text.HAL_UART_Transmit
                0x0800165c       0xbc Drivers/STM32F4xx_HAL_Driver/stm32f4xx_hal_uart.o
                0x0800165c                HAL_UART_Transmit
 .text.__libc_init_array
                0x08001718       0x4c c:/ac6/systemworkbench/plugins/fr.ac6.mcu.externaltools.arm-none.win32_1.13.1.201701261202/tools/compiler/bin/../lib/gcc/arm-none-eabi/5.4.1/../../../../arm-none-eabi/lib/armv7e-m/fpu\libc_nano.a(lib_a-init.o)
                0x08001718                __libc_init_array
 .text.sprintf  0x08001764       0x48 c:/ac6/systemworkbench/plugins/fr.ac6.mcu.externaltools.arm-none.win32_1.13.1.201701261202/tools/compiler/bin/../lib/gcc/arm-none-eabi/5.4.1/../../../../arm-none-eabi/lib/armv7e-m/fpu\libc_nano.a(lib_a-sprintf.o)
                0x08001764                siprintf
                0x08001764                sprintf
 .text.__ssputs_r
                0x080017ac       0xb2 c:/ac6/systemworkbench/plugins/fr.ac6.mcu.externaltools.arm-none.win32_1.13.1.201701261202/tools/compiler/bin/../lib/gcc/arm-none-eabi/5.4.1/../../../../arm-none-eabi/lib/armv7e-m/fpu\libc_nano.a(lib_a-nano-svfprintf.o)
                0x080017ac                __ssputs_r
 *fill*         0x0800185e        0x2 
 .text._svfprintf_r
                0x08001860      0x1e8 c:/ac6/systemworkbench/plugins/fr.ac6.mcu.externaltools.arm-none.win32_1.13.1.201701261202/tools/compiler/bin/../lib/gcc/arm-none-eabi/5.4.1/../../../../arm-none-eabi/lib/armv7e-m/fpu\libc_nano.a(lib_a-nano-svfprintf.o)
                0x08001860                _svfiprintf_r
                0x08001860                _svfprintf_r
 .text._printf_common
                0x08001a48       0xec c:/ac6/systemworkbench/plugins/fr.ac6.mcu.externaltools.arm-none.win32_1.13.1.201701261202/tools/compiler/bin/../lib/gcc/arm-none-eabi/5.4.1/../../../../arm-none-eabi/lib/armv7e-m/fpu\libc_nano.a(lib_a-nano-vfprintf_i.o)
                0x08001a48                _printf_common
 .text._printf_i
                0x08001b34      0x24c c:/ac6/systemworkbench/plugins/fr.ac6.mcu.externaltools.arm-none.win32_1.13.1.201701261202/tools/compiler/bin/../lib/gcc/arm-none-eabi/5.4.1/../../../../arm-none-eabi/lib/armv7e-m/fpu\libc_nano.a(lib_a-nano-vfprintf_i.o)
                0x08001b34                _printf_i
 .text.memcpy   0x08001d80       0x16 c:/ac6/systemworkbench/plugins/fr.ac6.mcu.externaltools.arm-none.win32_1.13.1.201701261202/tools/compiler/bin/../lib/gcc/arm-none-eabi/5.4.1/../../../../arm-none-eabi/lib/armv7e-m/fpu\libc_nano.a(lib_a-memcpy-stub.o)
                0x08001d80                memcpy
 .text.memmove  0x08001d96       0x36 c:/ac6/systemworkbench/plugins/fr.ac6.mcu.externaltools.arm-none.win32_1.13.1.201701261202/tools/compiler/bin/../lib/gcc/arm-none-eabi/5.4.1/../../../../arm-none-eabi/lib/armv7e-m/fpu\libc_nano.a(lib_a-memmove.o)
                0x08001d96                memmove
 .text._free_r  0x08001dcc       0x9c c:/ac6/systemworkbench/plugins/fr.ac6.mcu.externaltools.arm-none.win32_1.13.1.201701261202/tools/compiler/bin/../lib/gcc/arm-none-eabi/5.4.1/../../../../arm-none-eabi/lib/armv7e-m/fpu\libc_nano.a(lib_a-nano-freer.o)
                0x08001dcc                _free_r
 .text._malloc_r
                0x08001e68       0xbc c:/ac6/systemworkbench/plugins/fr.ac6.mcu.externaltools.arm-none.win32_1.13.1.201701261202/tools/compiler/bin/../lib/gcc/arm-none-eabi/5.4.1/../../../../arm-none-eabi/lib/armv7e-m/fpu\libc_nano.a(lib_a-nano-mallocr.o)
                0x08001e68                _malloc_r
 .text._realloc_r
                0x08001f24       0x4c c:/ac6/systemworkbench/plugins/fr.ac6.mcu.externaltools.arm-none.win32_1.13.1.201701261202/tools/compiler/bin/../lib/gcc/arm-none-eabi/5.4.1/../../../../arm-none-eabi/lib/armv7e-m/fpu\libc_nano.a(lib_a-nano-reallocr.o)
                0x08001f24                _realloc_r
 .text._sbrk_r  0x08001f70       0x20 c:/ac6/systemworkbench/plugins/fr.ac6.mcu.externaltools.arm-none.win32_1.13.1.201701261202/tools/compiler/bin/../lib/gcc/arm-none-eabi/5.4.1/../../../../arm-none-eabi/lib/armv7e-m/fpu\libc_nano.a(lib_a-sbrkr.o)
                0x08001f70                _sbrk_r
 .text.__malloc_lock
                0x08001f90        0x2 c:/ac6/systemworkbench/plugins/fr.ac6.mcu.externaltools.arm-none.win32_1.13.1.201701261202/tools/compiler/bin/../lib/gcc/arm-none-eabi/5.4.1/../../../../arm-none-eabi/lib/armv7e-m/fpu\libc_nano.a(lib_a-mlock.o)
                0x08001f90                __malloc_lock
 .text.__malloc_unlock
                0x08001f92        0x2 c:/ac6/systemworkbench/plugins/fr.ac6.mcu.externaltools.arm-none.win32_1.13.1.201701261202/tools/compiler/bin/../lib/gcc/arm-none-eabi/5.4.1/../../../../arm-none-eabi/lib/armv7e-m/fpu\libc_nano.a(lib_a-mlock.o)
                0x08001f92                __malloc_unlock
 .text._malloc_usable_size_r
                0x08001f94       0x14 c:/ac6/systemworkbench/plugins/fr.ac6.mcu.externaltools.arm-none.win32_1.13.1.201701261202/tools/compiler/bin/../lib/gcc/arm-none-eabi/5.4.1/../../../../arm-none-eabi/lib/armv7e-m/fpu\libc_nano.a(lib_a-nano-msizer.o)
                0x08001f94                _malloc_usable_size_r
 .text._sbrk    0x08001fa8       0x1c c:/ac6/systemworkbench/plugins/fr.ac6.mcu.externaltools.arm-none.win32_1.13.1.201701261202/tools/compiler/bin/../lib/gcc/arm-none-eabi/5.4.1/../../../../arm-none-eabi/lib/armv7e-m/fpu\libnosys.a(sbrk.o)
                0x08001fa8                _sbrk
 *(.glue_7)
 .glue_7        0x08001fc4        0x0 linker stubs
 *(.glue_7t)
 .glue_7t       0x08001fc4        0x0 linker stubs
 *(.eh_frame)
 .eh_frame      0x08001fc4        0x0 c:/ac6/systemworkbench/plugins/fr.ac6.mcu.externaltools.arm-none.win32_1.13.1.201701261202/tools/compiler/bin/../lib/gcc/arm-none-eabi/5.4.1/armv7e-m/fpu/crtbegin.o
 *(.init)
 .init          0x08001fc4        0x4 c:/ac6/systemworkbench/plugins/fr.ac6.mcu.externaltools.arm-none.win32_1.13.1.201701261202/tools/compiler/bin/../lib/gcc/arm-none-eabi/5.4.1/armv7e-m/fpu/crti.o
                0x08001fc4                _init
 .init          0x08001fc8        0x8 c:/ac6/systemworkbench/plugins/fr.ac6.mcu.externaltools.arm-none.win32_1.13.1.201701261202/tools/compiler/bin/../lib/gcc/arm-none-eabi/5.4.1/armv7e-m/fpu/crtn.o
 *(.fini)
 .fini          0x08001fd0        0x4 c:/ac6/systemworkbench/plugins/fr.ac6.mcu.externaltools.arm-none.win32_1.13.1.201701261202/tools/compiler/bin/../lib/gcc/arm-none-eabi/5.4.1/armv7e-m/fpu/crti.o
                0x08001fd0                _fini
 .fini          0x08001fd4        0x8 c:/ac6/systemworkbench/plugins/fr.ac6.mcu.externaltools.arm-none.win32_1.13.1.201701261202/tools/compiler/bin/../lib/gcc/arm-none-eabi/5.4.1/armv7e-m/fpu/crtn.o
                0x08001fdc                . = ALIGN (0x4)
                0x08001fdc                _etext = .

.vfp11_veneer   0x08001fdc        0x0
 .vfp11_veneer  0x08001fdc        0x0 linker stubs

.v4_bx          0x08001fdc        0x0
 .v4_bx         0x08001fdc        0x0 linker stubs

.iplt           0x08001fdc        0x0
 .iplt          0x08001fdc        0x0 c:/ac6/systemworkbench/plugins/fr.ac6.mcu.externaltools.arm-none.win32_1.13.1.201701261202/tools/compiler/bin/../lib/gcc/arm-none-eabi/5.4.1/armv7e-m/fpu/crtbegin.o

.rodata         0x08001fdc       0x54
                0x08001fdc                . = ALIGN (0x4)
 *(.rodata)
 .rodata        0x08001fdc       0x10 Drivers/STM32F4xx_HAL_Driver/stm32f4xx_hal_rcc.o
                0x08001fdc                APBAHBPrescTable
 *(.rodata*)
 .rodata.str1.1
                0x08001fec       0x11 Application/User/main.o
 .rodata.str1.1
                0x08001ffd       0x11 c:/ac6/systemworkbench/plugins/fr.ac6.mcu.externaltools.arm-none.win32_1.13.1.201701261202/tools/compiler/bin/../lib/gcc/arm-none-eabi/5.4.1/../../../../arm-none-eabi/lib/armv7e-m/fpu\libc_nano.a(lib_a-nano-svfprintf.o)
 .rodata.str1.1
                0x0800200e       0x22 c:/ac6/systemworkbench/plugins/fr.ac6.mcu.externaltools.arm-none.win32_1.13.1.201701261202/tools/compiler/bin/../lib/gcc/arm-none-eabi/5.4.1/../../../../arm-none-eabi/lib/armv7e-m/fpu\libc_nano.a(lib_a-nano-vfprintf_i.o)
                0x08002030                . = ALIGN (0x4)

.rel.dyn        0x08002030        0x0
 .rel.iplt      0x08002030        0x0 c:/ac6/systemworkbench/plugins/fr.ac6.mcu.externaltools.arm-none.win32_1.13.1.201701261202/tools/compiler/bin/../lib/gcc/arm-none-eabi/5.4.1/armv7e-m/fpu/crtbegin.o

.ARM.extab
 *(.ARM.extab* .gnu.linkonce.armextab.*)

.ARM            0x08002030        0x0
                0x08002030                __exidx_start = .
 *(.ARM.exidx*)
                0x08002030                __exidx_end = .

.preinit_array  0x08002030        0x0
                0x08002030                PROVIDE (__preinit_array_start, .)
 *(.preinit_array*)
                0x08002030                PROVIDE (__preinit_array_end, .)

.init_array     0x08002030        0x4
                0x08002030                PROVIDE (__init_array_start, .)
 *(SORT(.init_array.*))
 *(.init_array*)
 .init_array    0x08002030        0x4 c:/ac6/systemworkbench/plugins/fr.ac6.mcu.externaltools.arm-none.win32_1.13.1.201701261202/tools/compiler/bin/../lib/gcc/arm-none-eabi/5.4.1/armv7e-m/fpu/crtbegin.o
                0x08002034                PROVIDE (__init_array_end, .)

.fini_array     0x08002034        0x4
                [!provide]                PROVIDE (__fini_array_start, .)
 *(SORT(.fini_array.*))
 *(.fini_array*)
 .fini_array    0x08002034        0x4 c:/ac6/systemworkbench/plugins/fr.ac6.mcu.externaltools.arm-none.win32_1.13.1.201701261202/tools/compiler/bin/../lib/gcc/arm-none-eabi/5.4.1/armv7e-m/fpu/crtbegin.o
                [!provide]                PROVIDE (__fini_array_end, .)
                0x08002038                _sidata = LOADADDR (.data)

.data           0x20000000       0x68 load address 0x08002038
                0x20000000                . = ALIGN (0x4)
                0x20000000                _sdata = .
 *(.data)
 .data          0x20000000        0x4 Drivers/CMSIS/system_stm32f4xx.o
                0x20000000                SystemCoreClock
 *(.data*)
 .data.impure_data
                0x20000004       0x60 c:/ac6/systemworkbench/plugins/fr.ac6.mcu.externaltools.arm-none.win32_1.13.1.201701261202/tools/compiler/bin/../lib/gcc/arm-none-eabi/5.4.1/../../../../arm-none-eabi/lib/armv7e-m/fpu\libc_nano.a(lib_a-impure.o)
 .data._impure_ptr
                0x20000064        0x4 c:/ac6/systemworkbench/plugins/fr.ac6.mcu.externaltools.arm-none.win32_1.13.1.201701261202/tools/compiler/bin/../lib/gcc/arm-none-eabi/5.4.1/../../../../arm-none-eabi/lib/armv7e-m/fpu\libc_nano.a(lib_a-impure.o)
                0x20000064                _impure_ptr
                0x20000068                . = ALIGN (0x4)
                0x20000068                _edata = .

.jcr            0x20000068        0x0 load address 0x080020a0
 .jcr           0x20000068        0x0 c:/ac6/systemworkbench/plugins/fr.ac6.mcu.externaltools.arm-none.win32_1.13.1.201701261202/tools/compiler/bin/../lib/gcc/arm-none-eabi/5.4.1/armv7e-m/fpu/crtbegin.o

.igot.plt       0x20000068        0x0 load address 0x080020a0
 .igot.plt      0x20000068        0x0 c:/ac6/systemworkbench/plugins/fr.ac6.mcu.externaltools.arm-none.win32_1.13.1.201701261202/tools/compiler/bin/../lib/gcc/arm-none-eabi/5.4.1/armv7e-m/fpu/crtbegin.o
                0x20000068                . = ALIGN (0x4)

.bss            0x20000068       0x74 load address 0x080020a0
                0x20000068                _sbss = .
                0x20000068                __bss_start__ = _sbss
 *(.bss)
 .bss           0x20000068       0x1c c:/ac6/systemworkbench/plugins/fr.ac6.mcu.externaltools.arm-none.win32_1.13.1.201701261202/tools/compiler/bin/../lib/gcc/arm-none-eabi/5.4.1/armv7e-m/fpu/crtbegin.o
 *(.bss*)
 .bss.__malloc_sbrk_start
                0x20000084        0x4 c:/ac6/systemworkbench/plugins/fr.ac6.mcu.externaltools.arm-none.win32_1.13.1.201701261202/tools/compiler/bin/../lib/gcc/arm-none-eabi/5.4.1/../../../../arm-none-eabi/lib/armv7e-m/fpu\libc_nano.a(lib_a-nano-mallocr.o)
                0x20000084                __malloc_sbrk_start
 .bss.__malloc_free_list
                0x20000088        0x4 c:/ac6/systemworkbench/plugins/fr.ac6.mcu.externaltools.arm-none.win32_1.13.1.201701261202/tools/compiler/bin/../lib/gcc/arm-none-eabi/5.4.1/../../../../arm-none-eabi/lib/armv7e-m/fpu\libc_nano.a(lib_a-nano-mallocr.o)
                0x20000088                __malloc_free_list
 .bss.heap_end.4169
                0x2000008c        0x4 c:/ac6/systemworkbench/plugins/fr.ac6.mcu.externaltools.arm-none.win32_1.13.1.201701261202/tools/compiler/bin/../lib/gcc/arm-none-eabi/5.4.1/../../../../arm-none-eabi/lib/armv7e-m/fpu\libnosys.a(sbrk.o)
 *(COMMON)
 COMMON         0x20000090       0x44 Application/User/main.o
                0x20000090                who_am_i_temp
                0x20000094                huart2
 COMMON         0x200000d4        0x4 Drivers/STM32F4xx_HAL_Driver/stm32f4xx_hal.o
                0x200000d4                uwTick
 COMMON         0x200000d8        0x4 c:/ac6/systemworkbench/plugins/fr.ac6.mcu.externaltools.arm-none.win32_1.13.1.201701261202/tools/compiler/bin/../lib/gcc/arm-none-eabi/5.4.1/../../../../arm-none-eabi/lib/armv7e-m/fpu\libc_nano.a(lib_a-reent.o)
                0x200000d8                errno
                0x200000dc                . = ALIGN (0x4)
                0x200000dc                _ebss = .
                0x200000dc                __bss_end__ = _ebss

._user_heap_stack
                0x200000dc      0x604 load address 0x080020a0
                0x200000e0                . = ALIGN (0x8)
 *fill*         0x200000dc        0x4 
                0x200000e0                PROVIDE (end, .)
                [!provide]                PROVIDE (_end, .)
                0x200002e0                . = (. + _Min_Heap_Size)
 *fill*         0x200000e0      0x200 
                0x200006e0                . = (. + _Min_Stack_Size)
 *fill*         0x200002e0      0x400 
                0x200006e0                . = ALIGN (0x8)

/DISCARD/
 libc.a(*)
 libm.a(*)
 libgcc.a(*)

.ARM.attributes
                0x00000000       0x30
 *(.ARM.attributes)
 .ARM.attributes
                0x00000000       0x22 c:/ac6/systemworkbench/plugins/fr.ac6.mcu.externaltools.arm-none.win32_1.13.1.201701261202/tools/compiler/bin/../lib/gcc/arm-none-eabi/5.4.1/armv7e-m/fpu/crti.o
 .ARM.attributes
                0x00000022       0x34 c:/ac6/systemworkbench/plugins/fr.ac6.mcu.externaltools.arm-none.win32_1.13.1.201701261202/tools/compiler/bin/../lib/gcc/arm-none-eabi/5.4.1/armv7e-m/fpu/crtbegin.o
 .ARM.attributes
                0x00000056       0x21 Application/SW4STM32/startup_stm32f411xe.o
 .ARM.attributes
                0x00000077       0x39 Application/User/I2C_Software_Master.o
 .ARM.attributes
                0x000000b0       0x39 Application/User/main.o
 .ARM.attributes
                0x000000e9       0x39 Application/User/stm32f4xx_hal_msp.o
 .ARM.attributes
                0x00000122       0x39 Application/User/stm32f4xx_it.o
 .ARM.attributes
                0x0000015b       0x39 Drivers/CMSIS/system_stm32f4xx.o
 .ARM.attributes
                0x00000194       0x39 Drivers/STM32F4xx_HAL_Driver/stm32f4xx_hal.o
 .ARM.attributes
                0x000001cd       0x39 Drivers/STM32F4xx_HAL_Driver/stm32f4xx_hal_cortex.o
 .ARM.attributes
                0x00000206       0x39 Drivers/STM32F4xx_HAL_Driver/stm32f4xx_hal_gpio.o
 .ARM.attributes
                0x0000023f       0x39 Drivers/STM32F4xx_HAL_Driver/stm32f4xx_hal_rcc.o
 .ARM.attributes
                0x00000278       0x39 Drivers/STM32F4xx_HAL_Driver/stm32f4xx_hal_uart.o
 .ARM.attributes
                0x000002b1       0x34 c:/ac6/systemworkbench/plugins/fr.ac6.mcu.externaltools.arm-none.win32_1.13.1.201701261202/tools/compiler/bin/../lib/gcc/arm-none-eabi/5.4.1/../../../../arm-none-eabi/lib/armv7e-m/fpu\libc_nano.a(lib_a-impure.o)
 .ARM.attributes
                0x000002e5       0x34 c:/ac6/systemworkbench/plugins/fr.ac6.mcu.externaltools.arm-none.win32_1.13.1.201701261202/tools/compiler/bin/../lib/gcc/arm-none-eabi/5.4.1/../../../../arm-none-eabi/lib/armv7e-m/fpu\libc_nano.a(lib_a-init.o)
 .ARM.attributes
                0x00000319       0x34 c:/ac6/systemworkbench/plugins/fr.ac6.mcu.externaltools.arm-none.win32_1.13.1.201701261202/tools/compiler/bin/../lib/gcc/arm-none-eabi/5.4.1/../../../../arm-none-eabi/lib/armv7e-m/fpu\libc_nano.a(lib_a-sprintf.o)
 .ARM.attributes
                0x0000034d       0x1b c:/ac6/systemworkbench/plugins/fr.ac6.mcu.externaltools.arm-none.win32_1.13.1.201701261202/tools/compiler/bin/../lib/gcc/arm-none-eabi/5.4.1/../../../../arm-none-eabi/lib/armv7e-m/fpu\libc_nano.a(lib_a-strlen.o)
 .ARM.attributes
                0x00000368       0x34 c:/ac6/systemworkbench/plugins/fr.ac6.mcu.externaltools.arm-none.win32_1.13.1.201701261202/tools/compiler/bin/../lib/gcc/arm-none-eabi/5.4.1/../../../../arm-none-eabi/lib/armv7e-m/fpu\libc_nano.a(lib_a-nano-svfprintf.o)
 .ARM.attributes
                0x0000039c       0x34 c:/ac6/systemworkbench/plugins/fr.ac6.mcu.externaltools.arm-none.win32_1.13.1.201701261202/tools/compiler/bin/../lib/gcc/arm-none-eabi/5.4.1/../../../../arm-none-eabi/lib/armv7e-m/fpu\libc_nano.a(lib_a-nano-vfprintf_i.o)
 .ARM.attributes
                0x000003d0       0x20 c:/ac6/systemworkbench/plugins/fr.ac6.mcu.externaltools.arm-none.win32_1.13.1.201701261202/tools/compiler/bin/../lib/gcc/arm-none-eabi/5.4.1/../../../../arm-none-eabi/lib/armv7e-m/fpu\libc_nano.a(lib_a-memchr.o)
 .ARM.attributes
                0x000003f0       0x34 c:/ac6/systemworkbench/plugins/fr.ac6.mcu.externaltools.arm-none.win32_1.13.1.201701261202/tools/compiler/bin/../lib/gcc/arm-none-eabi/5.4.1/../../../../arm-none-eabi/lib/armv7e-m/fpu\libc_nano.a(lib_a-memcpy-stub.o)
 .ARM.attributes
                0x00000424       0x34 c:/ac6/systemworkbench/plugins/fr.ac6.mcu.externaltools.arm-none.win32_1.13.1.201701261202/tools/compiler/bin/../lib/gcc/arm-none-eabi/5.4.1/../../../../arm-none-eabi/lib/armv7e-m/fpu\libc_nano.a(lib_a-memmove.o)
 .ARM.attributes
                0x00000458       0x34 c:/ac6/systemworkbench/plugins/fr.ac6.mcu.externaltools.arm-none.win32_1.13.1.201701261202/tools/compiler/bin/../lib/gcc/arm-none-eabi/5.4.1/../../../../arm-none-eabi/lib/armv7e-m/fpu\libc_nano.a(lib_a-nano-freer.o)
 .ARM.attributes
                0x0000048c       0x34 c:/ac6/systemworkbench/plugins/fr.ac6.mcu.externaltools.arm-none.win32_1.13.1.201701261202/tools/compiler/bin/../lib/gcc/arm-none-eabi/5.4.1/../../../../arm-none-eabi/lib/armv7e-m/fpu\libc_nano.a(lib_a-nano-mallocr.o)
 .ARM.attributes
                0x000004c0       0x34 c:/ac6/systemworkbench/plugins/fr.ac6.mcu.externaltools.arm-none.win32_1.13.1.201701261202/tools/compiler/bin/../lib/gcc/arm-none-eabi/5.4.1/../../../../arm-none-eabi/lib/armv7e-m/fpu\libc_nano.a(lib_a-nano-reallocr.o)
 .ARM.attributes
                0x000004f4       0x34 c:/ac6/systemworkbench/plugins/fr.ac6.mcu.externaltools.arm-none.win32_1.13.1.201701261202/tools/compiler/bin/../lib/gcc/arm-none-eabi/5.4.1/../../../../arm-none-eabi/lib/armv7e-m/fpu\libc_nano.a(lib_a-sbrkr.o)
 .ARM.attributes
                0x00000528       0x34 c:/ac6/systemworkbench/plugins/fr.ac6.mcu.externaltools.arm-none.win32_1.13.1.201701261202/tools/compiler/bin/../lib/gcc/arm-none-eabi/5.4.1/../../../../arm-none-eabi/lib/armv7e-m/fpu\libc_nano.a(lib_a-mlock.o)
 .ARM.attributes
                0x0000055c       0x34 c:/ac6/systemworkbench/plugins/fr.ac6.mcu.externaltools.arm-none.win32_1.13.1.201701261202/tools/compiler/bin/../lib/gcc/arm-none-eabi/5.4.1/../../../../arm-none-eabi/lib/armv7e-m/fpu\libc_nano.a(lib_a-nano-msizer.o)
 .ARM.attributes
                0x00000590       0x34 c:/ac6/systemworkbench/plugins/fr.ac6.mcu.externaltools.arm-none.win32_1.13.1.201701261202/tools/compiler/bin/../lib/gcc/arm-none-eabi/5.4.1/../../../../arm-none-eabi/lib/armv7e-m/fpu\libc_nano.a(lib_a-reent.o)
 .ARM.attributes
                0x000005c4       0x34 c:/ac6/systemworkbench/plugins/fr.ac6.mcu.externaltools.arm-none.win32_1.13.1.201701261202/tools/compiler/bin/../lib/gcc/arm-none-eabi/5.4.1/../../../../arm-none-eabi/lib/armv7e-m/fpu\libnosys.a(sbrk.o)
 .ARM.attributes
                0x000005f8       0x22 c:/ac6/systemworkbench/plugins/fr.ac6.mcu.externaltools.arm-none.win32_1.13.1.201701261202/tools/compiler/bin/../lib/gcc/arm-none-eabi/5.4.1/armv7e-m/fpu/crtn.o
OUTPUT(i2ctest.elf elf32-littlearm)

.debug_line     0x00000000     0x5f6f
 .debug_line    0x00000000       0xa1 Application/SW4STM32/startup_stm32f411xe.o
 .debug_line    0x000000a1      0x8f8 Application/User/I2C_Software_Master.o
 .debug_line    0x00000999      0x872 Application/User/main.o
 .debug_line    0x0000120b      0x7af Application/User/stm32f4xx_hal_msp.o
 .debug_line    0x000019ba      0x77e Application/User/stm32f4xx_it.o
 .debug_line    0x00002138      0x7a1 Drivers/CMSIS/system_stm32f4xx.o
 .debug_line    0x000028d9      0x8ff Drivers/STM32F4xx_HAL_Driver/stm32f4xx_hal.o
 .debug_line    0x000031d8      0x974 Drivers/STM32F4xx_HAL_Driver/stm32f4xx_hal_cortex.o
 .debug_line    0x00003b4c      0x929 Drivers/STM32F4xx_HAL_Driver/stm32f4xx_hal_gpio.o
 .debug_line    0x00004475      0xaad Drivers/STM32F4xx_HAL_Driver/stm32f4xx_hal_rcc.o
 .debug_line    0x00004f22     0x104d Drivers/STM32F4xx_HAL_Driver/stm32f4xx_hal_uart.o

.debug_info     0x00000000     0x7044
 .debug_info    0x00000000       0xa2 Application/SW4STM32/startup_stm32f411xe.o
 .debug_info    0x000000a2      0xc92 Application/User/I2C_Software_Master.o
 .debug_info    0x00000d34     0x1247 Application/User/main.o
 .debug_info    0x00001f7b      0xb51 Application/User/stm32f4xx_hal_msp.o
 .debug_info    0x00002acc       0xeb Application/User/stm32f4xx_it.o
 .debug_info    0x00002bb7      0x52a Drivers/CMSIS/system_stm32f4xx.o
 .debug_info    0x000030e1      0x874 Drivers/STM32F4xx_HAL_Driver/stm32f4xx_hal.o
 .debug_info    0x00003955      0xdef Drivers/STM32F4xx_HAL_Driver/stm32f4xx_hal_cortex.o
 .debug_info    0x00004744      0x75a Drivers/STM32F4xx_HAL_Driver/stm32f4xx_hal_gpio.o
 .debug_info    0x00004e9e      0xcc1 Drivers/STM32F4xx_HAL_Driver/stm32f4xx_hal_rcc.o
 .debug_info    0x00005b5f     0x14e5 Drivers/STM32F4xx_HAL_Driver/stm32f4xx_hal_uart.o

.debug_abbrev   0x00000000     0x15c4
 .debug_abbrev  0x00000000       0x12 Application/SW4STM32/startup_stm32f411xe.o
 .debug_abbrev  0x00000012      0x1fb Application/User/I2C_Software_Master.o
 .debug_abbrev  0x0000020d      0x2b6 Application/User/main.o
 .debug_abbrev  0x000004c3      0x1ac Application/User/stm32f4xx_hal_msp.o
 .debug_abbrev  0x0000066f       0xa7 Application/User/stm32f4xx_it.o
 .debug_abbrev  0x00000716      0x104 Drivers/CMSIS/system_stm32f4xx.o
 .debug_abbrev  0x0000081a      0x272 Drivers/STM32F4xx_HAL_Driver/stm32f4xx_hal.o
 .debug_abbrev  0x00000a8c      0x332 Drivers/STM32F4xx_HAL_Driver/stm32f4xx_hal_cortex.o
 .debug_abbrev  0x00000dbe      0x1cb Drivers/STM32F4xx_HAL_Driver/stm32f4xx_hal_gpio.o
 .debug_abbrev  0x00000f89      0x321 Drivers/STM32F4xx_HAL_Driver/stm32f4xx_hal_rcc.o
 .debug_abbrev  0x000012aa      0x31a Drivers/STM32F4xx_HAL_Driver/stm32f4xx_hal_uart.o

.debug_aranges  0x00000000      0x4e0
 .debug_aranges
                0x00000000       0x28 Application/SW4STM32/startup_stm32f411xe.o
 .debug_aranges
                0x00000028       0x78 Application/User/I2C_Software_Master.o
 .debug_aranges
                0x000000a0       0x30 Application/User/main.o
 .debug_aranges
                0x000000d0       0x30 Application/User/stm32f4xx_hal_msp.o
 .debug_aranges
                0x00000100       0x20 Application/User/stm32f4xx_it.o
 .debug_aranges
                0x00000120       0x28 Drivers/CMSIS/system_stm32f4xx.o
 .debug_aranges
                0x00000148       0xb8 Drivers/STM32F4xx_HAL_Driver/stm32f4xx_hal.o
 .debug_aranges
                0x00000200       0x98 Drivers/STM32F4xx_HAL_Driver/stm32f4xx_hal_cortex.o
 .debug_aranges
                0x00000298       0x58 Drivers/STM32F4xx_HAL_Driver/stm32f4xx_hal_gpio.o
 .debug_aranges
                0x000002f0       0x80 Drivers/STM32F4xx_HAL_Driver/stm32f4xx_hal_rcc.o
 .debug_aranges
                0x00000370      0x170 Drivers/STM32F4xx_HAL_Driver/stm32f4xx_hal_uart.o

.debug_ranges   0x00000000      0x698
 .debug_ranges  0x00000000       0x20 Application/SW4STM32/startup_stm32f411xe.o
 .debug_ranges  0x00000020       0x68 Application/User/I2C_Software_Master.o
 .debug_ranges  0x00000088       0x88 Application/User/main.o
 .debug_ranges  0x00000110       0x38 Application/User/stm32f4xx_hal_msp.o
 .debug_ranges  0x00000148       0x10 Application/User/stm32f4xx_it.o
 .debug_ranges  0x00000158       0x18 Drivers/CMSIS/system_stm32f4xx.o
 .debug_ranges  0x00000170       0xa8 Drivers/STM32F4xx_HAL_Driver/stm32f4xx_hal.o
 .debug_ranges  0x00000218      0x148 Drivers/STM32F4xx_HAL_Driver/stm32f4xx_hal_cortex.o
 .debug_ranges  0x00000360       0x70 Drivers/STM32F4xx_HAL_Driver/stm32f4xx_hal_gpio.o
 .debug_ranges  0x000003d0      0x150 Drivers/STM32F4xx_HAL_Driver/stm32f4xx_hal_rcc.o
 .debug_ranges  0x00000520      0x178 Drivers/STM32F4xx_HAL_Driver/stm32f4xx_hal_uart.o

.debug_loc      0x00000000     0x24e4
 .debug_loc     0x00000000      0x231 Application/User/I2C_Software_Master.o
 .debug_loc     0x00000231       0xad Application/User/main.o
 .debug_loc     0x000002de       0x4d Application/User/stm32f4xx_hal_msp.o
 .debug_loc     0x0000032b       0xd7 Drivers/CMSIS/system_stm32f4xx.o
 .debug_loc     0x00000402       0x92 Drivers/STM32F4xx_HAL_Driver/stm32f4xx_hal.o
 .debug_loc     0x00000494      0x4ab Drivers/STM32F4xx_HAL_Driver/stm32f4xx_hal_cortex.o
 .debug_loc     0x0000093f      0x370 Drivers/STM32F4xx_HAL_Driver/stm32f4xx_hal_gpio.o
 .debug_loc     0x00000caf      0x485 Drivers/STM32F4xx_HAL_Driver/stm32f4xx_hal_rcc.o
 .debug_loc     0x00001134     0x13b0 Drivers/STM32F4xx_HAL_Driver/stm32f4xx_hal_uart.o

.debug_macro    0x00000000    0x15681
 .debug_macro   0x00000000      0x34a Application/User/I2C_Software_Master.o
 .debug_macro   0x0000034a      0x89e Application/User/I2C_Software_Master.o
 .debug_macro   0x00000be8      0x166 Application/User/I2C_Software_Master.o
 .debug_macro   0x00000d4e      0x179 Application/User/I2C_Software_Master.o
 .debug_macro   0x00000ec7       0x33 Application/User/I2C_Software_Master.o
 .debug_macro   0x00000efa       0x28 Application/User/I2C_Software_Master.o
 .debug_macro   0x00000f22       0x22 Application/User/I2C_Software_Master.o
 .debug_macro   0x00000f44       0x87 Application/User/I2C_Software_Master.o
 .debug_macro   0x00000fcb       0x44 Application/User/I2C_Software_Master.o
 .debug_macro   0x0000100f       0xfd Application/User/I2C_Software_Master.o
 .debug_macro   0x0000110c       0x5e Application/User/I2C_Software_Master.o
 .debug_macro   0x0000116a      0x1df Application/User/I2C_Software_Master.o
 .debug_macro   0x00001349       0x35 Application/User/I2C_Software_Master.o
 .debug_macro   0x0000137e       0x50 Application/User/I2C_Software_Master.o
 .debug_macro   0x000013ce      0xe66 Application/User/I2C_Software_Master.o
 .debug_macro   0x00002234     0xb857 Application/User/I2C_Software_Master.o
 .debug_macro   0x0000da8b       0x43 Application/User/I2C_Software_Master.o
 .debug_macro   0x0000dace     0x347f Application/User/I2C_Software_Master.o
 .debug_macro   0x00010f4d       0x52 Application/User/I2C_Software_Master.o
 .debug_macro   0x00010f9f       0x35 Application/User/I2C_Software_Master.o
 .debug_macro   0x00010fd4       0x9c Application/User/I2C_Software_Master.o
 .debug_macro   0x00011070       0x16 Application/User/I2C_Software_Master.o
 .debug_macro   0x00011086       0x97 Application/User/I2C_Software_Master.o
 .debug_macro   0x0001111d      0x30d Application/User/I2C_Software_Master.o
 .debug_macro   0x0001142a       0xfd Application/User/I2C_Software_Master.o
 .debug_macro   0x00011527       0x10 Application/User/I2C_Software_Master.o
 .debug_macro   0x00011537       0x52 Application/User/I2C_Software_Master.o
 .debug_macro   0x00011589       0x1f Application/User/I2C_Software_Master.o
 .debug_macro   0x000115a8       0x43 Application/User/I2C_Software_Master.o
 .debug_macro   0x000115eb       0x20 Application/User/I2C_Software_Master.o
 .debug_macro   0x0001160b      0x187 Application/User/I2C_Software_Master.o
 .debug_macro   0x00011792       0x10 Application/User/I2C_Software_Master.o
 .debug_macro   0x000117a2       0x1c Application/User/I2C_Software_Master.o
 .debug_macro   0x000117be       0x52 Application/User/I2C_Software_Master.o
 .debug_macro   0x00011810       0x40 Application/User/I2C_Software_Master.o
 .debug_macro   0x00011850       0x10 Application/User/I2C_Software_Master.o
 .debug_macro   0x00011860       0x40 Application/User/I2C_Software_Master.o
 .debug_macro   0x000118a0       0xd7 Application/User/I2C_Software_Master.o
 .debug_macro   0x00011977       0x16 Application/User/I2C_Software_Master.o
 .debug_macro   0x0001198d      0x18b Application/User/I2C_Software_Master.o
 .debug_macro   0x00011b18       0x50 Application/User/I2C_Software_Master.o
 .debug_macro   0x00011b68      0x45c Application/User/I2C_Software_Master.o
 .debug_macro   0x00011fc4      0x9e1 Application/User/I2C_Software_Master.o
 .debug_macro   0x000129a5      0x11e Application/User/I2C_Software_Master.o
 .debug_macro   0x00012ac3      0x11b Application/User/I2C_Software_Master.o
 .debug_macro   0x00012bde       0x27 Application/User/I2C_Software_Master.o
 .debug_macro   0x00012c05      0x287 Application/User/I2C_Software_Master.o
 .debug_macro   0x00012e8c       0x5f Application/User/I2C_Software_Master.o
 .debug_macro   0x00012eeb      0x23a Application/User/I2C_Software_Master.o
 .debug_macro   0x00013125      0x13a Application/User/I2C_Software_Master.o
 .debug_macro   0x0001325f      0x264 Application/User/I2C_Software_Master.o
 .debug_macro   0x000134c3       0x2e Application/User/I2C_Software_Master.o
 .debug_macro   0x000134f1      0x11e Application/User/I2C_Software_Master.o
 .debug_macro   0x0001360f       0x85 Application/User/I2C_Software_Master.o
 .debug_macro   0x00013694       0x89 Application/User/I2C_Software_Master.o
 .debug_macro   0x0001371d      0x287 Application/User/I2C_Software_Master.o
 .debug_macro   0x000139a4      0x11e Application/User/I2C_Software_Master.o
 .debug_macro   0x00013ac2       0x16 Application/User/I2C_Software_Master.o
 .debug_macro   0x00013ad8       0x35 Application/User/I2C_Software_Master.o
 .debug_macro   0x00013b0d      0x2f9 Application/User/main.o
 .debug_macro   0x00013e06      0x2f5 Application/User/stm32f4xx_hal_msp.o
 .debug_macro   0x000140fb      0x2ff Application/User/stm32f4xx_it.o
 .debug_macro   0x000143fa      0x2fb Drivers/CMSIS/system_stm32f4xx.o
 .debug_macro   0x000146f5      0x355 Drivers/STM32F4xx_HAL_Driver/stm32f4xx_hal.o
 .debug_macro   0x00014a4a      0x2f5 Drivers/STM32F4xx_HAL_Driver/stm32f4xx_hal_cortex.o
 .debug_macro   0x00014d3f      0x32d Drivers/STM32F4xx_HAL_Driver/stm32f4xx_hal_gpio.o
 .debug_macro   0x0001506c      0x31f Drivers/STM32F4xx_HAL_Driver/stm32f4xx_hal_rcc.o
 .debug_macro   0x0001538b      0x2f6 Drivers/STM32F4xx_HAL_Driver/stm32f4xx_hal_uart.o

.debug_str      0x00000000    0x7fdf9
 .debug_str     0x00000000    0x7e01f Application/User/I2C_Software_Master.o
                              0x7e2bf (size before relaxing)
 .debug_str     0x0007e01f      0x9f4 Application/User/main.o
                              0x7ea94 (size before relaxing)
 .debug_str     0x0007ea13       0x9f Application/User/stm32f4xx_hal_msp.o
                              0x7e804 (size before relaxing)
 .debug_str     0x0007eab2       0x7c Application/User/stm32f4xx_it.o
                              0x7de8a (size before relaxing)
 .debug_str     0x0007eb2e       0xfe Drivers/CMSIS/system_stm32f4xx.o
                              0x7e04e (size before relaxing)
 .debug_str     0x0007ec2c      0x561 Drivers/STM32F4xx_HAL_Driver/stm32f4xx_hal.o
                              0x7e99f (size before relaxing)
 .debug_str     0x0007f18d      0x334 Drivers/STM32F4xx_HAL_Driver/stm32f4xx_hal_cortex.o
                              0x7e732 (size before relaxing)
 .debug_str     0x0007f4c1      0x258 Drivers/STM32F4xx_HAL_Driver/stm32f4xx_hal_gpio.o
                              0x7e2c6 (size before relaxing)
 .debug_str     0x0007f719      0x23f Drivers/STM32F4xx_HAL_Driver/stm32f4xx_hal_rcc.o
                              0x7e455 (size before relaxing)
 .debug_str     0x0007f958      0x4a1 Drivers/STM32F4xx_HAL_Driver/stm32f4xx_hal_uart.o
                              0x7e7b8 (size before relaxing)

.comment        0x00000000       0x6e
 .comment       0x00000000       0x6e Application/User/I2C_Software_Master.o
                                 0x6f (size before relaxing)
 .comment       0x0000006e       0x6f Application/User/main.o
 .comment       0x0000006e       0x6f Application/User/stm32f4xx_hal_msp.o
 .comment       0x0000006e       0x6f Application/User/stm32f4xx_it.o
 .comment       0x0000006e       0x6f Drivers/CMSIS/system_stm32f4xx.o
 .comment       0x0000006e       0x6f Drivers/STM32F4xx_HAL_Driver/stm32f4xx_hal.o
 .comment       0x0000006e       0x6f Drivers/STM32F4xx_HAL_Driver/stm32f4xx_hal_cortex.o
 .comment       0x0000006e       0x6f Drivers/STM32F4xx_HAL_Driver/stm32f4xx_hal_gpio.o
 .comment       0x0000006e       0x6f Drivers/STM32F4xx_HAL_Driver/stm32f4xx_hal_rcc.o
 .comment       0x0000006e       0x6f Drivers/STM32F4xx_HAL_Driver/stm32f4xx_hal_uart.o

.debug_frame    0x00000000      0xf48
 .debug_frame   0x00000000      0x168 Application/User/I2C_Software_Master.o
 .debug_frame   0x00000168       0x68 Application/User/main.o
 .debug_frame   0x000001d0       0x54 Application/User/stm32f4xx_hal_msp.o
 .debug_frame   0x00000224       0x2c Application/User/stm32f4xx_it.o
 .debug_frame   0x00000250       0x30 Drivers/CMSIS/system_stm32f4xx.o
 .debug_frame   0x00000280      0x184 Drivers/STM32F4xx_HAL_Driver/stm32f4xx_hal.o
 .debug_frame   0x00000404      0x130 Drivers/STM32F4xx_HAL_Driver/stm32f4xx_hal_cortex.o
 .debug_frame   0x00000534       0xd4 Drivers/STM32F4xx_HAL_Driver/stm32f4xx_hal_gpio.o
 .debug_frame   0x00000608      0x138 Drivers/STM32F4xx_HAL_Driver/stm32f4xx_hal_rcc.o
 .debug_frame   0x00000740      0x494 Drivers/STM32F4xx_HAL_Driver/stm32f4xx_hal_uart.o
 .debug_frame   0x00000bd4       0x2c c:/ac6/systemworkbench/plugins/fr.ac6.mcu.externaltools.arm-none.win32_1.13.1.201701261202/tools/compiler/bin/../lib/gcc/arm-none-eabi/5.4.1/../../../../arm-none-eabi/lib/armv7e-m/fpu\libc_nano.a(lib_a-init.o)
 .debug_frame   0x00000c00       0x70 c:/ac6/systemworkbench/plugins/fr.ac6.mcu.externaltools.arm-none.win32_1.13.1.201701261202/tools/compiler/bin/../lib/gcc/arm-none-eabi/5.4.1/../../../../arm-none-eabi/lib/armv7e-m/fpu\libc_nano.a(lib_a-sprintf.o)
 .debug_frame   0x00000c70       0x90 c:/ac6/systemworkbench/plugins/fr.ac6.mcu.externaltools.arm-none.win32_1.13.1.201701261202/tools/compiler/bin/../lib/gcc/arm-none-eabi/5.4.1/../../../../arm-none-eabi/lib/armv7e-m/fpu\libc_nano.a(lib_a-nano-svfprintf.o)
 .debug_frame   0x00000d00       0x60 c:/ac6/systemworkbench/plugins/fr.ac6.mcu.externaltools.arm-none.win32_1.13.1.201701261202/tools/compiler/bin/../lib/gcc/arm-none-eabi/5.4.1/../../../../arm-none-eabi/lib/armv7e-m/fpu\libc_nano.a(lib_a-nano-vfprintf_i.o)
 .debug_frame   0x00000d60       0x28 c:/ac6/systemworkbench/plugins/fr.ac6.mcu.externaltools.arm-none.win32_1.13.1.201701261202/tools/compiler/bin/../lib/gcc/arm-none-eabi/5.4.1/../../../../arm-none-eabi/lib/armv7e-m/fpu\libc_nano.a(lib_a-memcpy-stub.o)
 .debug_frame   0x00000d88       0x28 c:/ac6/systemworkbench/plugins/fr.ac6.mcu.externaltools.arm-none.win32_1.13.1.201701261202/tools/compiler/bin/../lib/gcc/arm-none-eabi/5.4.1/../../../../arm-none-eabi/lib/armv7e-m/fpu\libc_nano.a(lib_a-memmove.o)
 .debug_frame   0x00000db0       0x38 c:/ac6/systemworkbench/plugins/fr.ac6.mcu.externaltools.arm-none.win32_1.13.1.201701261202/tools/compiler/bin/../lib/gcc/arm-none-eabi/5.4.1/../../../../arm-none-eabi/lib/armv7e-m/fpu\libc_nano.a(lib_a-nano-freer.o)
 .debug_frame   0x00000de8       0x2c c:/ac6/systemworkbench/plugins/fr.ac6.mcu.externaltools.arm-none.win32_1.13.1.201701261202/tools/compiler/bin/../lib/gcc/arm-none-eabi/5.4.1/../../../../arm-none-eabi/lib/armv7e-m/fpu\libc_nano.a(lib_a-nano-mallocr.o)
 .debug_frame   0x00000e14       0x3c c:/ac6/systemworkbench/plugins/fr.ac6.mcu.externaltools.arm-none.win32_1.13.1.201701261202/tools/compiler/bin/../lib/gcc/arm-none-eabi/5.4.1/../../../../arm-none-eabi/lib/armv7e-m/fpu\libc_nano.a(lib_a-nano-reallocr.o)
 .debug_frame   0x00000e50       0x2c c:/ac6/systemworkbench/plugins/fr.ac6.mcu.externaltools.arm-none.win32_1.13.1.201701261202/tools/compiler/bin/../lib/gcc/arm-none-eabi/5.4.1/../../../../arm-none-eabi/lib/armv7e-m/fpu\libc_nano.a(lib_a-sbrkr.o)
 .debug_frame   0x00000e7c       0x30 c:/ac6/systemworkbench/plugins/fr.ac6.mcu.externaltools.arm-none.win32_1.13.1.201701261202/tools/compiler/bin/../lib/gcc/arm-none-eabi/5.4.1/../../../../arm-none-eabi/lib/armv7e-m/fpu\libc_nano.a(lib_a-mlock.o)
 .debug_frame   0x00000eac       0x20 c:/ac6/systemworkbench/plugins/fr.ac6.mcu.externaltools.arm-none.win32_1.13.1.201701261202/tools/compiler/bin/../lib/gcc/arm-none-eabi/5.4.1/../../../../arm-none-eabi/lib/armv7e-m/fpu\libc_nano.a(lib_a-nano-msizer.o)
 .debug_frame   0x00000ecc       0x5c c:/ac6/systemworkbench/plugins/fr.ac6.mcu.externaltools.arm-none.win32_1.13.1.201701261202/tools/compiler/bin/../lib/gcc/arm-none-eabi/5.4.1/../../../../arm-none-eabi/lib/armv7e-m/fpu\libc_nano.a(lib_a-reent.o)
 .debug_frame   0x00000f28       0x20 c:/ac6/systemworkbench/plugins/fr.ac6.mcu.externaltools.arm-none.win32_1.13.1.201701261202/tools/compiler/bin/../lib/gcc/arm-none-eabi/5.4.1/../../../../arm-none-eabi/lib/armv7e-m/fpu\libnosys.a(sbrk.o)
